
                  Report Average (2025-06-22)                  
   handler                        total      avg_response_time
---------------------------------------------------------------
0  /api/context/...               3          0.029          
1  /api/homeworks/...             2          0.130